::1 - - [14/Sep/2026:19:25:17 -0300] "GET / HTTP/1.1" 200 81055
::1 - - [14/Sep/2026:19:25:17 -0300] "GET /index.php?=PHPE9568F34-D428-11d2-A769-00AA001ACF42 HTTP/1.1" 200 2524
::1 - - [14/Sep/2026:19:25:17 -0300] "GET /images/header.png HTTP/1.1" 404 215
::1 - - [14/Sep/2026:19:25:17 -0300] "GET /index.php?=PHPE9568F35-D428-11d2-A769-00AA001ACF42 HTTP/1.1" 200 2146
::1 - - [14/Sep/2026:19:25:17 -0300] "GET /style.css HTTP/1.1" 200 3041
::1 - - [14/Sep/2026:19:25:17 -0300] "GET /images/background.jpg HTTP/1.1" 404 219
::1 - - [14/Sep/2026:19:25:17 -0300] "GET /images/menuleft.jpg HTTP/1.1" 404 217
::1 - - [14/Sep/2026:19:25:17 -0300] "GET /images/menu.jpg HTTP/1.1" 404 213
::1 - - [14/Sep/2026:19:25:17 -0300] "GET /images/menuright.jpg HTTP/1.1" 404 218
::1 - - [14/Sep/2026:19:25:17 -0300] "GET /images/banner.jpg HTTP/1.1" 404 215
::1 - - [14/Sep/2026:19:25:17 -0300] "GET /images/topcontent.jpg HTTP/1.1" 404 219
::1 - - [14/Sep/2026:19:25:17 -0300] "GET /images/content.jpg HTTP/1.1" 404 216
::1 - - [14/Sep/2026:19:25:17 -0300] "GET /favicon.ico HTTP/1.1" 404 209
::1 - - [14/Sep/2026:19:26:25 -0300] "GET /produto.php HTTP/1.1" 200 16
::1 - - [14/Sep/2026:19:28:30 -0300] "GET /phpmyadmin HTTP/1.1" 301 241
::1 - - [14/Sep/2026:19:28:30 -0300] "GET /phpmyadmin/ HTTP/1.1" 200 8548
::1 - - [14/Sep/2026:19:28:32 -0300] "GET /phpmyadmin/themes/pmahomme/img/logo_right.png HTTP/1.1" 200 4548
::1 - - [14/Sep/2026:19:28:32 -0300] "GET /phpmyadmin/themes/pmahomme/jquery/jquery-ui-1.9.2.custom.css HTTP/1.1" 200 32278
::1 - - [14/Sep/2026:19:28:32 -0300] "GET /phpmyadmin/themes/dot.gif HTTP/1.1" 200 43
::1 - - [14/Sep/2026:19:28:32 -0300] "GET /phpmyadmin/phpmyadmin.css.php?server=1&lang=pt&collation_connection=utf8_general_ci&token=6be7d819b183fa91ab4805fd2517eadc&nocache=4125195912ltr HTTP/1.1" 200 88608
::1 - - [14/Sep/2026:19:28:32 -0300] "GET /phpmyadmin/js/messages.php?lang=pt&db=&server=0&collation_connection=utf8_general_ci&token=0c2848dc52513ff59d1b7bd36aa3232f HTTP/1.1" 200 18103
::1 - - [14/Sep/2026:19:28:32 -0300] "GET /phpmyadmin/js/get_image.js.php?theme=pmahomme HTTP/1.1" 200 6263
::1 - - [14/Sep/2026:19:28:32 -0300] "GET /phpmyadmin/js/get_scripts.js.php?scripts[]=jquery/jquery-1.8.3.js&scripts[]=ajax.js&scripts[]=keyhandler.js&scripts[]=jquery/jquery-ui-1.9.2.custom.js&scripts[]=jquery/jquery.sprintf.js&scripts[]=jquery/jquery.cookie.js&scripts[]=jquery/jquery.mousewheel.js&scripts[]=jquery/jquery.event.drag-2.2.js&scripts[]=jquery/jquery-ui-timepicker-addon.js&scripts[]=jquery/jquery.ba-hashchange-1.3.js&scripts[]=jquery/jquery.debounce-1.0.5.js&scripts[]=jquery/jquery.menuResizer-1.0.js&scripts[]=rte.js&scripts[]=functions.js&scripts[]=navigation.js&scripts[]=indexes.js&scripts[]=common.js&scripts[]=codemirror/lib/codemirror.js&scripts[]=codemirror/mode/mysql/mysql.js HTTP/1.1" 200 578562
::1 - - [14/Sep/2026:19:28:33 -0300] "GET /phpmyadmin/themes/pmahomme/img/sprites.png HTTP/1.1" 200 61899
::1 - - [14/Sep/2026:19:28:33 -0300] "GET /phpmyadmin/favicon.ico HTTP/1.1" 200 18902
::1 - - [14/Sep/2026:19:28:37 -0300] "POST /phpmyadmin/index.php HTTP/1.1" 302 -
::1 - - [14/Sep/2026:19:28:37 -0300] "GET /phpmyadmin/index.php?token=6be7d819b183fa91ab4805fd2517eadc HTTP/1.1" 200 46732
::1 - - [14/Sep/2026:19:28:38 -0300] "GET /phpmyadmin/themes/pmahomme/img/logo_left.png HTTP/1.1" 200 2327
::1 - - [14/Sep/2026:19:28:38 -0300] "GET /phpmyadmin/phpmyadmin.css.php?server=1&token=6be7d819b183fa91ab4805fd2517eadc&nocache=5914620829ltr HTTP/1.1" 200 88608
::1 - - [14/Sep/2026:19:28:38 -0300] "GET /phpmyadmin/themes/pmahomme/img/ajax_clock_small.gif HTTP/1.1" 200 1810
::1 - - [14/Sep/2026:19:28:38 -0300] "GET /phpmyadmin/js/messages.php?lang=pt&db=&server=0&token=6be7d819b183fa91ab4805fd2517eadc HTTP/1.1" 200 18103
::1 - - [14/Sep/2026:19:28:38 -0300] "GET /phpmyadmin/themes/pmahomme/img/left_nav_bg.png HTTP/1.1" 200 297
::1 - - [14/Sep/2026:19:28:38 -0300] "GET /phpmyadmin/version_check.php?&_nocache=1789424918163733279 HTTP/1.1" 200 39
::1 - - [14/Sep/2026:19:28:40 -0300] "GET /phpmyadmin/navigation.php?ajax_request=1&token=6be7d819b183fa91ab4805fd2517eadc&aPath=cm9vdA%3D%3D.Y2FkYXN0cm9fMmRzbV8yNjJz&vPath=cm9vdA%3D%3D.Y2FkYXN0cm9fMmRzbV8yNjJz&pos=0&pos2_name=&pos2_value=&searchClause=&searchClause2=&_nocache=1789424920318369810 HTTP/1.1" 200 1411
::1 - - [14/Sep/2026:19:28:47 -0300] "GET /phpmyadmin/sql.php?server=1&db=cadastro_2dsm_262s&table=tb_login&pos=0&token=6be7d819b183fa91ab4805fd2517eadc&ajax_request=true&ajax_page_request=true&menuHashes=60eb11f5&_nocache=1789424927205893149 HTTP/1.1" 200 27628
::1 - - [14/Sep/2026:19:28:47 -0300] "GET /phpmyadmin/themes/pmahomme/img/s_fulltext.png HTTP/1.1" 200 193
::1 - - [14/Sep/2026:19:28:47 -0300] "GET /phpmyadmin/themes/pmahomme/img/arrow_ltr.png HTTP/1.1" 200 139
::1 - - [14/Sep/2026:19:28:47 -0300] "GET /phpmyadmin/js/get_scripts.js.php?scripts[]=tbl_change.js&scripts[]=tbl_structure.js&scripts[]=gis_data_editor.js&scripts[]=makegrid.js&scripts[]=sql.js HTTP/1.1" 200 57302
::1 - - [14/Sep/2026:19:28:47 -0300] "GET /phpmyadmin/themes/pmahomme/img/col_pointer.png HTTP/1.1" 200 113
::1 - - [14/Sep/2026:19:28:47 -0300] "GET /phpmyadmin/themes/pmahomme/img/col_drop.png HTTP/1.1" 200 132
::1 - - [14/Sep/2026:19:28:47 -0300] "GET /phpmyadmin/index.php?ajax_request=1&recent_table=1&token=6be7d819b183fa91ab4805fd2517eadc HTTP/1.1" 200 239
::1 - - [14/Sep/2026:19:29:11 -0300] "GET /phpmyadmin/db_structure.php?server=1&db=cadastro_2dsm_262s&token=6be7d819b183fa91ab4805fd2517eadc&ajax_request=true&ajax_page_request=true&menuHashes=60eb11f5-6799808a&_nocache=1789424951791789994 HTTP/1.1" 200 13286
::1 - - [14/Sep/2026:19:29:12 -0300] "GET /phpmyadmin/js/get_scripts.js.php?scripts[]=db_structure.js HTTP/1.1" 200 5367
::1 - - [14/Sep/2026:19:29:14 -0300] "GET /phpmyadmin/db_sql.php?db=cadastro_2dsm_262s&token=6be7d819b183fa91ab4805fd2517eadc&db_query_force=1&ajax_request=true&ajax_page_request=true&menuHashes=60eb11f5-6799808a-25fac96d&_nocache=178942495415715235 HTTP/1.1" 200 7447
::1 - - [14/Sep/2026:19:29:15 -0300] "GET /phpmyadmin/db_structure.php?db=cadastro_2dsm_262s&token=6be7d819b183fa91ab4805fd2517eadc&ajax_request=true&ajax_page_request=true&menuHashes=60eb11f5-6799808a-25fac96d-cd1a7080&_nocache=1789424955469838537 HTTP/1.1" 200 9904
::1 - - [14/Sep/2026:19:29:20 -0300] "GET /phpmyadmin/db_structure.php?server=1&db=cadastro_2dsm_262s&token=6be7d819b183fa91ab4805fd2517eadc&ajax_request=true&ajax_page_request=true&menuHashes=60eb11f5-6799808a-25fac96d-cd1a7080&_nocache=1789424960485263357 HTTP/1.1" 200 9906
::1 - - [14/Sep/2026:19:29:23 -0300] "GET /phpmyadmin/index.php?token=6be7d819b183fa91ab4805fd2517eadc&ajax_request=true&ajax_page_request=true&menuHashes=60eb11f5-6799808a-25fac96d-cd1a7080&_nocache=1789424963358168946 HTTP/1.1" 200 42685
::1 - - [14/Sep/2026:19:29:23 -0300] "GET /phpmyadmin/version_check.php?&_nocache=1789424963464939078 HTTP/1.1" 200 39
::1 - - [14/Sep/2026:19:29:24 -0300] "GET /phpmyadmin/server_databases.php?db=&token=6be7d819b183fa91ab4805fd2517eadc&ajax_request=true&ajax_page_request=true&menuHashes=60eb11f5-6799808a-25fac96d-cd1a7080&_nocache=1789424964830826279 HTTP/1.1" 200 39550
::1 - - [14/Sep/2026:19:29:24 -0300] "GET /phpmyadmin/js/get_scripts.js.php?scripts[]=server_databases.js HTTP/1.1" 200 1818
::1 - - [14/Sep/2026:19:29:34 -0300] "POST /phpmyadmin/db_create.php HTTP/1.1" 200 2382
::1 - - [14/Sep/2026:19:29:34 -0300] "POST /phpmyadmin/navigation.php?ajax_request=1&token=6be7d819b183fa91ab4805fd2517eadc HTTP/1.1" 200 1361
::1 - - [14/Sep/2026:19:29:36 -0300] "GET /phpmyadmin/navigation.php?ajax_request=1&token=6be7d819b183fa91ab4805fd2517eadc&aPath=cm9vdA%3D%3D.ZXN0b3F1ZQ%3D%3D&vPath=cm9vdA%3D%3D.ZXN0b3F1ZQ%3D%3D&pos=0&pos2_name=&pos2_value=&searchClause=&searchClause2=&_nocache=1789424976438406903 HTTP/1.1" 200 97
::1 - - [14/Sep/2026:19:29:37 -0300] "GET /phpmyadmin/db_structure.php?server=1&db=estoque&token=6be7d819b183fa91ab4805fd2517eadc&ajax_request=true&ajax_page_request=true&menuHashes=60eb11f5-6799808a-25fac96d-cd1a7080-6d843913&_nocache=1789424977366374339 HTTP/1.1" 200 5699
::1 - - [14/Sep/2026:19:30:07 -0300] "POST /phpmyadmin/tbl_create.php HTTP/1.1" 200 237890
::1 - - [14/Sep/2026:19:30:07 -0300] "GET /phpmyadmin/index.php?ajax_request=1&recent_table=1&token=6be7d819b183fa91ab4805fd2517eadc HTTP/1.1" 200 363
::1 - - [14/Sep/2026:19:31:08 -0300] "GET /phpmyadmin/sql.php?db=estoque&table=produtos&token=6be7d819b183fa91ab4805fd2517eadc&pos=0&ajax_request=true&ajax_page_request=true&menuHashes=60eb11f5-6799808a-25fac96d-cd1a7080-6d843913-256fea1e-694d6f65&_nocache=1789425068393496469 HTTP/1.1" 200 181
::1 - - [14/Sep/2026:19:31:09 -0300] "GET /phpmyadmin/index.php?token=6be7d819b183fa91ab4805fd2517eadc&ajax_request=true&ajax_page_request=true&menuHashes=60eb11f5-6799808a-25fac96d-cd1a7080-6d843913-256fea1e-694d6f65&_nocache=1789425069241569356 HTTP/1.1" 200 42685
::1 - - [14/Sep/2026:19:31:09 -0300] "GET /phpmyadmin/version_check.php?&_nocache=1789425069345228891 HTTP/1.1" 200 39
::1 - - [14/Sep/2026:19:31:12 -0300] "GET /phpmyadmin/db_structure.php?server=1&db=estoque&token=6be7d819b183fa91ab4805fd2517eadc&ajax_request=true&ajax_page_request=true&menuHashes=60eb11f5-6799808a-25fac96d-cd1a7080-6d843913-256fea1e-694d6f65&_nocache=1789425072097454175 HTTP/1.1" 200 2473
::1 - - [14/Sep/2026:19:31:30 -0300] "POST /phpmyadmin/tbl_create.php HTTP/1.1" 200 274300
::1 - - [14/Sep/2026:19:31:30 -0300] "GET /phpmyadmin/index.php?ajax_request=1&recent_table=1&token=6be7d819b183fa91ab4805fd2517eadc HTTP/1.1" 200 363
::1 - - [14/Sep/2026:19:32:51 -0300] "POST /phpmyadmin/tbl_create.php HTTP/1.1" 200 8999
::1 - - [14/Sep/2026:19:32:51 -0300] "GET /phpmyadmin/db_structure.php?token=6be7d819b183fa91ab4805fd2517eadc&server=1&db=estoque&table=produtos&ajax_request=true&ajax_page_request=true&menuHashes=60eb11f5-6799808a-25fac96d-cd1a7080-6d843913-256fea1e-694d6f65&_nocache=178942517140598150 HTTP/1.1" 200 13018
::1 - - [14/Sep/2026:19:32:51 -0300] "POST /phpmyadmin/navigation.php?ajax_request=1&token=6be7d819b183fa91ab4805fd2517eadc HTTP/1.1" 200 1361
::1 - - [14/Sep/2026:19:32:51 -0300] "GET /phpmyadmin/index.php?ajax_request=1&recent_table=1&token=6be7d819b183fa91ab4805fd2517eadc HTTP/1.1" 200 363
::1 - - [14/Sep/2026:19:32:53 -0300] "GET /phpmyadmin/sql.php?db=estoque&table=produtos&token=6be7d819b183fa91ab4805fd2517eadc&pos=0&ajax_request=true&ajax_page_request=true&menuHashes=6799808a-25fac96d-cd1a7080-6d843913-256fea1e-694d6f65-235ce49d&_nocache=1789425173596115621 HTTP/1.1" 200 10338
::1 - - [14/Sep/2026:19:32:53 -0300] "GET /phpmyadmin/index.php?ajax_request=1&recent_table=1&token=6be7d819b183fa91ab4805fd2517eadc HTTP/1.1" 200 363
::1 - - [14/Sep/2026:19:33:16 -0300] "GET /produto.php HTTP/1.1" 200 2934
::1 - - [14/Sep/2026:19:33:16 -0300] "GET /produto.css HTTP/1.1" 200 6390
::1 - - [14/Sep/2026:19:33:28 -0300] "POST /produto.php HTTP/1.1" 200 3949
::1 - - [14/Sep/2026:19:33:39 -0300] "GET /phpmyadmin/navigation.php?ajax_request=1&token=6be7d819b183fa91ab4805fd2517eadc&aPath=cm9vdA%3D%3D.ZXN0b3F1ZQ%3D%3D&vPath=cm9vdA%3D%3D.ZXN0b3F1ZQ%3D%3D&pos=0&pos2_name=&pos2_value=&searchClause=&searchClause2=&_nocache=1789425219437107355 HTTP/1.1" 200 1343
::1 - - [14/Sep/2026:19:33:40 -0300] "GET /phpmyadmin/sql.php?server=1&db=estoque&table=produtos&pos=0&token=6be7d819b183fa91ab4805fd2517eadc&ajax_request=true&ajax_page_request=true&menuHashes=25fac96d-cd1a7080-6d843913-256fea1e-694d6f65-235ce49d-4931accf&_nocache=1789425220519185772 HTTP/1.1" 200 17625
::1 - - [14/Sep/2026:19:33:40 -0300] "GET /phpmyadmin/index.php?ajax_request=1&recent_table=1&token=6be7d819b183fa91ab4805fd2517eadc HTTP/1.1" 200 363
::1 - - [14/Sep/2026:19:33:43 -0300] "GET /phpmyadmin/tbl_change.php?db=estoque&table=produtos&where_clause=%60produtos%60.%60id%60+%3D+1&clause_is_unique=1&sql_query=SELECT+%2A+FROM+%60produtos%60&goto=sql.php&default_action=update&token=6be7d819b183fa91ab4805fd2517eadc&ajax_request=true&ajax_page_request=true&menuHashes=25fac96d-cd1a7080-6d843913-256fea1e-694d6f65-235ce49d-4931accf&_nocache=1789425223528306163 HTTP/1.1" 200 30153
::1 - - [14/Sep/2026:19:33:43 -0300] "GET /phpmyadmin/index.php?ajax_request=1&recent_table=1&token=6be7d819b183fa91ab4805fd2517eadc HTTP/1.1" 200 363
::1 - - [14/Sep/2026:19:33:50 -0300] "GET /phpmyadmin/tbl_sql.php?db=estoque&table=produtos&token=6be7d819b183fa91ab4805fd2517eadc&ajax_request=true&ajax_page_request=true&menuHashes=cd1a7080-6d843913-256fea1e-694d6f65-235ce49d-4931accf-6b6d180d&_nocache=1789425230663471020 HTTP/1.1" 200 8541
::1 - - [14/Sep/2026:19:33:50 -0300] "GET /phpmyadmin/index.php?ajax_request=1&recent_table=1&token=6be7d819b183fa91ab4805fd2517eadc HTTP/1.1" 200 363
::1 - - [14/Sep/2026:19:35:09 -0300] "POST /phpmyadmin/import.php HTTP/1.1" 200 342
::1 - - [14/Sep/2026:19:35:33 -0300] "POST /phpmyadmin/import.php HTTP/1.1" 200 319
::1 - - [14/Sep/2026:19:35:40 -0300] "POST /phpmyadmin/import.php HTTP/1.1" 200 342
::1 - - [14/Sep/2026:19:36:02 -0300] "POST /phpmyadmin/import.php HTTP/1.1" 200 342
::1 - - [14/Sep/2026:19:36:42 -0300] "POST /phpmyadmin/import.php HTTP/1.1" 200 342
::1 - - [14/Sep/2026:19:36:49 -0300] "POST /phpmyadmin/import.php HTTP/1.1" 200 2329
::1 - - [14/Sep/2026:19:36:49 -0300] "POST /phpmyadmin/navigation.php?ajax_request=1&token=6be7d819b183fa91ab4805fd2517eadc HTTP/1.1" 200 2760
::1 - - [14/Sep/2026:19:36:53 -0300] "GET /phpmyadmin/navigation.php?ajax_request=1&token=6be7d819b183fa91ab4805fd2517eadc&aPath=cm9vdA%3D%3D.ZXN0b3F1ZQ%3D%3D.dGFibGVz.cHJvZHV0b3M%3D&vPath=cm9vdA%3D%3D.ZXN0b3F1ZQ%3D%3D.VGFiZWxhcw%3D%3D.cHJvZHV0b3M%3D&pos=0&pos2_name=tables&pos2_value=0&searchClause=&searchClause2=&_nocache=1789425413146990621 HTTP/1.1" 200 3444
::1 - - [14/Sep/2026:19:36:54 -0300] "GET /phpmyadmin/tbl_structure.php?server=1&db=estoque&table=produtos&token=6be7d819b183fa91ab4805fd2517eadc&ajax_request=true&ajax_page_request=true&menuHashes=6d843913-256fea1e-694d6f65-235ce49d-4931accf-6b6d180d-3a86196e&_nocache=1789425414268861460 HTTP/1.1" 200 40844
::1 - - [14/Sep/2026:19:36:54 -0300] "GET /phpmyadmin/index.php?ajax_request=1&recent_table=1&token=6be7d819b183fa91ab4805fd2517eadc HTTP/1.1" 200 363
::1 - - [14/Sep/2026:19:36:59 -0300] "POST /produto.php HTTP/1.1" 200 3819
::1 - - [14/Sep/2026:19:36:59 -0300] "GET /produto.css HTTP/1.1" 304 -
::1 - - [14/Sep/2026:19:37:15 -0300] "POST /produto.php HTTP/1.1" 200 4205
::1 - - [14/Sep/2026:19:37:24 -0300] "POST /produto.php HTTP/1.1" 200 3342
::1 - - [14/Sep/2026:19:37:48 -0300] "POST /produto.php HTTP/1.1" 200 4607
::1 - - [14/Sep/2026:19:37:54 -0300] "POST /produto.php HTTP/1.1" 200 3336
::1 - - [14/Sep/2026:19:38:09 -0300] "POST /produto.php HTTP/1.1" 200 4604
::1 - - [14/Sep/2026:19:38:56 -0300] "GET /phpmyadmin/sql.php?db=estoque&table=produtos&token=6be7d819b183fa91ab4805fd2517eadc&pos=0&ajax_request=true&ajax_page_request=true&menuHashes=256fea1e-694d6f65-235ce49d-4931accf-6b6d180d-3a86196e-7716ca1f&_nocache=1789425536902247975 HTTP/1.1" 200 24974
::1 - - [14/Sep/2026:19:38:57 -0300] "GET /phpmyadmin/index.php?ajax_request=1&recent_table=1&token=6be7d819b183fa91ab4805fd2517eadc HTTP/1.1" 200 363
::1 - - [14/Sep/2026:19:38:59 -0300] "GET /phpmyadmin/tbl_sql.php?db=estoque&table=produtos&token=6be7d819b183fa91ab4805fd2517eadc&ajax_request=true&ajax_page_request=true&menuHashes=256fea1e-694d6f65-235ce49d-4931accf-6b6d180d-3a86196e-7716ca1f&_nocache=1789425539110913395 HTTP/1.1" 200 5450
::1 - - [14/Sep/2026:19:38:59 -0300] "GET /phpmyadmin/index.php?ajax_request=1&recent_table=1&token=6be7d819b183fa91ab4805fd2517eadc HTTP/1.1" 200 363
::1 - - [14/Sep/2026:19:39:16 -0300] "POST /phpmyadmin/import.php HTTP/1.1" 200 299
::1 - - [14/Sep/2026:19:47:31 -0300] "POST /phpmyadmin/import.php HTTP/1.1" 200 299
::1 - - [14/Sep/2026:19:47:41 -0300] "POST /phpmyadmin/import.php HTTP/1.1" 200 1781
::1 - - [14/Sep/2026:19:47:50 -0300] "GET /produto.php HTTP/1.1" 200 2934
::1 - - [14/Sep/2026:19:47:50 -0300] "GET /produto.css HTTP/1.1" 304 -
::1 - - [14/Sep/2026:19:47:55 -0300] "GET /phpmyadmin/url.php?url=http%3A%2F%2Fdev.mysql.com%2Fdoc%2Frefman%2F5.6%2Fen%2Ftruncate-table.html&token=6be7d819b183fa91ab4805fd2517eadc HTTP/1.1" 302 11458
::1 - - [14/Sep/2026:19:47:58 -0300] "GET /phpmyadmin/tbl_sql.php?db=estoque&table=produtos&token=6be7d819b183fa91ab4805fd2517eadc&ajax_request=true&ajax_page_request=true&menuHashes=256fea1e-694d6f65-235ce49d-4931accf-6b6d180d-3a86196e-7716ca1f&_nocache=1789426078172786868 HTTP/1.1" 200 5450
::1 - - [14/Sep/2026:19:47:58 -0300] "GET /phpmyadmin/index.php?ajax_request=1&recent_table=1&token=6be7d819b183fa91ab4805fd2517eadc HTTP/1.1" 200 363
